4.676: [GC [PSYoungGen: 98304K->5050K(114688K)] 98304K->5050K(245760K), 0.0752950 secs] [Times: user=0.04 sys=0.03, real=0.07 secs] 
5.271: [GC [PSYoungGen: 103354K->4970K(114688K)] 103354K->4970K(245760K), 0.0643880 secs] [Times: user=0.02 sys=0.03, real=0.07 secs] 
5.770: [GC [PSYoungGen: 103274K->4890K(114688K)] 103274K->4890K(245760K), 0.0104710 secs] [Times: user=0.01 sys=0.00, real=0.01 secs] 
6.174: [GC [PSYoungGen: 103194K->4858K(114688K)] 103194K->4858K(245760K), 0.0087130 secs] [Times: user=0.02 sys=0.00, real=0.01 secs] 
6.499: [GC [PSYoungGen: 103162K->4874K(114688K)] 103162K->4874K(245760K), 0.0077900 secs] [Times: user=0.02 sys=0.00, real=0.01 secs] 
7.003: [GC [PSYoungGen: 103178K->4874K(125952K)] 103178K->4874K(257024K), 0.0919010 secs] [Times: user=0.02 sys=0.03, real=0.09 secs] 
7.662: [GC [PSYoungGen: 125706K->96K(120960K)] 125706K->4892K(252032K), 0.1125020 secs] [Times: user=0.02 sys=0.02, real=0.11 secs] 
2181.107: [GC [PSYoungGen: 120928K->5570K(124160K)] 125724K->10367K(255232K), 0.0246330 secs] [Times: user=0.05 sys=0.01, real=0.02 secs] 
3436.564: [GC [PSYoungGen: 123586K->6519K(124544K)] 128383K->12387K(255616K), 0.0421040 secs] [Times: user=0.03 sys=0.02, real=0.05 secs] 
3472.684: [GC [PSYoungGen: 124535K->1920K(122112K)] 130403K->12548K(253184K), 0.0256050 secs] [Times: user=0.03 sys=0.02, real=0.03 secs] 
3507.271: [GC [PSYoungGen: 117504K->304K(115904K)] 128132K->12553K(246976K), 0.0206960 secs] [Times: user=0.01 sys=0.02, real=0.02 secs] 
3542.261: [GC [PSYoungGen: 115888K->240K(122432K)] 128137K->12497K(253504K), 0.0031300 secs] [Times: user=0.00 sys=0.00, real=0.00 secs] 
3561.763: [GC [PSYoungGen: 114544K->608K(114944K)] 126801K->12873K(246016K), 0.0053930 secs] [Times: user=0.00 sys=0.01, real=0.01 secs] 
3578.980: [GC [PSYoungGen: 114912K->192K(122624K)] 127177K->12473K(253696K), 0.0028270 secs] [Times: user=0.01 sys=0.00, real=0.00 secs] 
3597.011: [GC [PSYoungGen: 114360K->192K(122624K)] 126642K->12481K(253696K), 0.0025510 secs] [Times: user=0.01 sys=0.00, real=0.00 secs] 
3614.947: [GC [PSYoungGen: 114368K->256K(122752K)] 126657K->12553K(253824K), 0.0039620 secs] [Times: user=0.00 sys=0.00, real=0.00 secs] 
3632.194: [GC [PSYoungGen: 114560K->1072K(122624K)] 126857K->13386K(253696K), 0.0044510 secs] [Times: user=0.00 sys=0.00, real=0.01 secs] 
3650.489: [GC [PSYoungGen: 115376K->192K(123328K)] 127690K->13345K(254400K), 0.0112780 secs] [Times: user=0.00 sys=0.01, real=0.01 secs] 
3668.243: [GC [PSYoungGen: 115572K->560K(123136K)] 128726K->13729K(254208K), 0.0060050 secs] [Times: user=0.01 sys=0.00, real=0.01 secs] 
3686.060: [GC [PSYoungGen: 115952K->208K(123840K)] 129121K->13700K(254912K), 0.0049540 secs] [Times: user=0.00 sys=0.00, real=0.00 secs] 
3704.349: [GC [PSYoungGen: 116544K->224K(123584K)] 130036K->13732K(254656K), 0.0041550 secs] [Times: user=0.01 sys=0.00, real=0.00 secs] 
3722.745: [GC [PSYoungGen: 116576K->224K(124416K)] 130084K->13748K(255488K), 0.0029560 secs] [Times: user=0.01 sys=0.00, real=0.00 secs] 
3740.842: [GC [PSYoungGen: 117662K->240K(124096K)] 131187K->13772K(255168K), 0.0037720 secs] [Times: user=0.01 sys=0.00, real=0.01 secs] 
3758.927: [GC [PSYoungGen: 117680K->224K(124992K)] 131212K->13772K(256064K), 0.0035830 secs] [Times: user=0.01 sys=0.00, real=0.00 secs] 
3777.837: [GC [PSYoungGen: 118816K->192K(124672K)] 132364K->13748K(255744K), 0.0037820 secs] [Times: user=0.01 sys=0.00, real=0.00 secs] 
3796.523: [GC [PSYoungGen: 118774K->224K(125568K)] 132330K->13788K(256640K), 0.0040380 secs] [Times: user=0.01 sys=0.00, real=0.01 secs] 
3815.082: [GC [PSYoungGen: 119968K->272K(125248K)] 133532K->13852K(256320K), 0.0031960 secs] [Times: user=0.01 sys=0.00, real=0.01 secs] 
3834.321: [GC [PSYoungGen: 120011K->224K(126144K)] 133592K->13828K(257216K), 0.0036100 secs] [Times: user=0.00 sys=0.00, real=0.01 secs] 
3853.018: [GC [PSYoungGen: 121181K->224K(125888K)] 134785K->13844K(256960K), 0.0033770 secs] [Times: user=0.01 sys=0.00, real=0.00 secs] 
3871.918: [GC [PSYoungGen: 121181K->224K(126720K)] 134801K->13852K(257792K), 0.0038720 secs] [Times: user=0.00 sys=0.00, real=0.00 secs] 
3891.538: [GC [PSYoungGen: 122331K->224K(126464K)] 135960K->13860K(257536K), 0.0036290 secs] [Times: user=0.01 sys=0.00, real=0.00 secs] 
3910.603: [GC [PSYoungGen: 122332K->224K(127232K)] 135969K->13868K(258304K), 0.0046330 secs] [Times: user=0.00 sys=0.00, real=0.01 secs] 
3929.675: [GC [PSYoungGen: 123360K->192K(126976K)] 137004K->13852K(258048K), 0.0037500 secs] [Times: user=0.01 sys=0.00, real=0.01 secs] 
3962.752: [GC [PSYoungGen: 123327K->192K(127680K)] 136988K->13868K(258752K), 0.0040610 secs] [Times: user=0.01 sys=0.00, real=0.01 secs] 
3988.459: [GC [PSYoungGen: 124285K->224K(127488K)] 137962K->13908K(258560K), 0.0044810 secs] [Times: user=0.01 sys=0.00, real=0.00 secs] 
4017.190: [GC [PSYoungGen: 124320K->192K(128128K)] 138004K->13892K(259200K), 0.0044600 secs] [Times: user=0.00 sys=0.00, real=0.01 secs] 
8981.535: [GC [PSYoungGen: 125120K->160K(127872K)] 138820K->13876K(258944K), 0.0060610 secs] [Times: user=0.01 sys=0.00, real=0.00 secs] 
39050.471: [GC [PSYoungGen: 125088K->32K(128448K)] 138804K->13764K(259520K), 0.0487970 secs] [Times: user=0.02 sys=0.00, real=0.05 secs] 
69521.800: [GC [PSYoungGen: 125664K->32K(128256K)] 139396K->13764K(259328K), 0.0414630 secs] [Times: user=0.02 sys=0.00, real=0.05 secs] 
100041.143: [GC [PSYoungGen: 125664K->32K(128704K)] 139396K->13764K(259776K), 0.0029020 secs] [Times: user=0.01 sys=0.00, real=0.01 secs] 
130738.673: [GC [PSYoungGen: 126240K->32K(128576K)] 139972K->13764K(259648K), 0.0189970 secs] [Times: user=0.01 sys=0.00, real=0.02 secs] 
161406.080: [GC [PSYoungGen: 126240K->64K(129024K)] 139972K->13796K(260096K), 0.0057290 secs] [Times: user=0.01 sys=0.00, real=0.01 secs] 
192283.503: [GC [PSYoungGen: 126912K->32K(128896K)] 140644K->13764K(259968K), 0.0029720 secs] [Times: user=0.00 sys=0.01, real=0.01 secs] 
223140.845: [GC [PSYoungGen: 126880K->32K(129280K)] 140612K->13764K(260352K), 0.0025720 secs] [Times: user=0.00 sys=0.00, real=0.01 secs] 
254128.591: [GC [PSYoungGen: 127392K->32K(129152K)] 141124K->13764K(260224K), 0.0371040 secs] [Times: user=0.00 sys=0.00, real=0.04 secs] 
285126.410: [GC [PSYoungGen: 127392K->32K(129472K)] 141124K->13764K(260544K), 0.0032190 secs] [Times: user=0.00 sys=0.00, real=0.01 secs] 
316246.134: [GC [PSYoungGen: 127840K->32K(129408K)] 141572K->13764K(260480K), 0.0353690 secs] [Times: user=0.01 sys=0.00, real=0.04 secs] 
347364.537: [GC [PSYoungGen: 127840K->32K(129664K)] 141572K->13764K(260736K), 0.0207700 secs] [Times: user=0.00 sys=0.00, real=0.02 secs] 
378323.773: [GC [PSYoungGen: 128224K->0K(129600K)] 141956K->13732K(260672K), 0.3219130 secs] [Times: user=0.15 sys=0.00, real=0.33 secs] 
409100.868: [GC [PSYoungGen: 128192K->0K(129856K)] 141924K->13732K(260928K), 0.1831010 secs] [Times: user=0.08 sys=0.00, real=0.19 secs] 
440041.265: [GC [PSYoungGen: 128576K->0K(129792K)] 142308K->13732K(260864K), 0.0925380 secs] [Times: user=0.05 sys=0.00, real=0.09 secs] 
471339.570: [GC [PSYoungGen: 128576K->0K(130048K)] 142308K->13732K(261120K), 0.1888940 secs] [Times: user=0.04 sys=0.00, real=0.19 secs] 
502234.473: [GC [PSYoungGen: 128896K->0K(129920K)] 142628K->13732K(260992K), 0.0030200 secs] [Times: user=0.00 sys=0.00, real=0.01 secs] 
533114.182: [GC [PSYoungGen: 128896K->0K(130176K)] 142628K->13732K(261248K), 0.0260680 secs] [Times: user=0.01 sys=0.00, real=0.03 secs] 
564139.871: [GC [PSYoungGen: 129216K->0K(130112K)] 142948K->13732K(261184K), 0.0429530 secs] [Times: user=0.06 sys=0.00, real=0.05 secs] 
595372.053: [GC [PSYoungGen: 129216K->0K(130304K)] 142948K->13732K(261376K), 0.2371830 secs] [Times: user=0.06 sys=0.00, real=0.24 secs] 
626458.500: [GC [PSYoungGen: 129472K->0K(130240K)] 143204K->13732K(261312K), 0.5867800 secs] [Times: user=0.05 sys=0.00, real=0.59 secs] 
657924.828: [GC [PSYoungGen: 129472K->0K(130368K)] 143204K->13732K(261440K), 0.1853010 secs] [Times: user=0.02 sys=0.00, real=0.19 secs] 
689437.664: [GC [PSYoungGen: 129664K->0K(130368K)] 143396K->13732K(261440K), 0.2193570 secs] [Times: user=0.01 sys=0.00, real=0.22 secs] 
720949.432: [GC [PSYoungGen: 129664K->0K(130496K)] 143396K->13732K(261568K), 0.4208640 secs] [Times: user=0.00 sys=0.00, real=0.42 secs] 
752512.176: [GC [PSYoungGen: 129856K->0K(130432K)] 143588K->13732K(261504K), 0.2838530 secs] [Times: user=0.00 sys=0.00, real=0.28 secs] 
784074.542: [GC [PSYoungGen: 129856K->0K(130560K)] 143588K->13732K(261632K), 0.4188790 secs] [Times: user=0.00 sys=0.00, real=0.42 secs] 
815686.840: [GC [PSYoungGen: 129984K->0K(130496K)] 143716K->13732K(261568K), 0.1605920 secs] [Times: user=0.01 sys=0.00, real=0.16 secs] 
847298.687: [GC [PSYoungGen: 129984K->0K(130624K)] 143716K->13732K(261696K), 0.3011750 secs] [Times: user=0.00 sys=0.00, real=0.30 secs] 
878960.953: [GC [PSYoungGen: 130176K->0K(130624K)] 143908K->13732K(261696K), 0.3894710 secs] [Times: user=0.00 sys=0.00, real=0.39 secs] 
910623.844: [GC [PSYoungGen: 130176K->0K(130688K)] 143908K->13732K(261760K), 0.1884210 secs] [Times: user=0.00 sys=0.00, real=0.19 secs] 
942286.530: [GC [PSYoungGen: 130304K->0K(130688K)] 144036K->13732K(261760K), 0.1284530 secs] [Times: user=0.00 sys=0.00, real=0.13 secs] 
973948.606: [GC [PSYoungGen: 130304K->0K(130752K)] 144036K->13732K(261824K), 0.0361550 secs] [Times: user=0.00 sys=0.00, real=0.05 secs] 
1005664.929: [GC [PSYoungGen: 130432K->0K(130752K)] 144164K->13732K(261824K), 1.1238950 secs] [Times: user=0.28 sys=0.00, real=1.14 secs] 
1037379.630: [GC [PSYoungGen: 130432K->0K(130816K)] 144164K->13732K(261888K), 0.3736850 secs] [Times: user=0.01 sys=0.00, real=0.38 secs] 
1069092.671: [GC [PSYoungGen: 130496K->0K(130752K)] 144228K->13732K(261824K), 0.3898740 secs] [Times: user=0.00 sys=0.00, real=0.53 secs] 
1100804.933: [GC [PSYoungGen: 130496K->0K(130816K)] 144228K->13732K(261888K), 0.2979730 secs] [Times: user=0.00 sys=0.00, real=0.30 secs] 
1132517.206: [GC [PSYoungGen: 130560K->0K(130816K)] 144292K->13732K(261888K), 0.4008750 secs] [Times: user=0.00 sys=0.00, real=0.40 secs] 
1164234.080: [GC [PSYoungGen: 130560K->0K(130880K)] 144292K->13732K(261952K), 0.0071450 secs] [Times: user=0.01 sys=0.00, real=0.01 secs] 
1195997.372: [GC [PSYoungGen: 130688K->0K(130880K)] 144420K->13732K(261952K), 0.1500770 secs] [Times: user=0.01 sys=0.00, real=0.15 secs] 
1227761.264: [GC [PSYoungGen: 130688K->0K(130880K)] 144420K->13732K(261952K), 0.1581420 secs] [Times: user=0.01 sys=0.00, real=0.16 secs] 
1259524.930: [GC [PSYoungGen: 130688K->0K(130880K)] 144420K->13732K(261952K), 0.2050110 secs] [Times: user=0.00 sys=0.00, real=0.21 secs] 
1291287.384: [GC [PSYoungGen: 130688K->0K(130944K)] 144420K->13732K(262016K), 0.2019320 secs] [Times: user=0.00 sys=0.00, real=0.21 secs] 
1323050.132: [GC [PSYoungGen: 130752K->0K(130880K)] 144484K->13732K(261952K), 0.1983490 secs] [Times: user=0.00 sys=0.00, real=0.20 secs] 
1354812.585: [GC [PSYoungGen: 130752K->0K(130944K)] 144484K->13732K(262016K), 0.1841510 secs] [Times: user=0.00 sys=0.00, real=0.18 secs] 
1386574.960: [GC [PSYoungGen: 130816K->0K(130944K)] 144548K->13732K(262016K), 0.1313140 secs] [Times: user=0.00 sys=0.00, real=0.13 secs] 
1418338.086: [GC [PSYoungGen: 130816K->0K(130944K)] 144548K->13732K(262016K), 0.1292860 secs] [Times: user=0.01 sys=0.00, real=0.13 secs] 
1450101.226: [GC [PSYoungGen: 130816K->0K(130944K)] 144548K->13732K(262016K), 0.1383540 secs] [Times: user=0.00 sys=0.00, real=0.14 secs] 
1481864.418: [GC [PSYoungGen: 130816K->0K(130944K)] 144548K->13732K(262016K), 0.2338420 secs] [Times: user=0.00 sys=0.00, real=0.23 secs] 
1513627.615: [GC [PSYoungGen: 130816K->0K(130944K)] 144548K->13732K(262016K), 0.1586560 secs] [Times: user=0.00 sys=0.00, real=0.15 secs] 
1545391.258: [GC [PSYoungGen: 130816K->0K(131008K)] 144548K->13732K(262080K), 0.4531650 secs] [Times: user=0.01 sys=0.00, real=0.45 secs] 
1577204.960: [GC [PSYoungGen: 130880K->0K(130944K)] 144612K->13732K(262016K), 0.2639460 secs] [Times: user=0.01 sys=0.00, real=0.27 secs] 
1609018.613: [GC [PSYoungGen: 130880K->0K(131008K)] 144612K->13732K(262080K), 0.1018580 secs] [Times: user=0.01 sys=0.00, real=0.11 secs] 
1640831.741: [GC [PSYoungGen: 130944K->0K(131008K)] 144676K->13732K(262080K), 0.0031540 secs] [Times: user=0.01 sys=0.00, real=0.00 secs] 
1672645.038: [GC [PSYoungGen: 130944K->0K(131008K)] 144676K->13732K(262080K), 0.0365050 secs] [Times: user=0.00 sys=0.00, real=0.04 secs] 
1704458.372: [GC [PSYoungGen: 130944K->0K(131008K)] 144676K->13732K(262080K), 0.2242260 secs] [Times: user=0.01 sys=0.00, real=0.23 secs] 
1736270.785: [GC [PSYoungGen: 130944K->0K(131008K)] 144676K->13732K(262080K), 0.1547930 secs] [Times: user=0.01 sys=0.00, real=0.15 secs] 
1768083.591: [GC [PSYoungGen: 130944K->0K(131008K)] 144676K->13732K(262080K), 0.1672570 secs] [Times: user=0.01 sys=0.00, real=0.17 secs] 
1799897.034: [GC [PSYoungGen: 130944K->0K(131008K)] 144676K->13732K(262080K), 0.2109460 secs] [Times: user=0.00 sys=0.00, real=0.22 secs] 
1831710.194: [GC [PSYoungGen: 130944K->0K(131008K)] 144676K->13732K(262080K), 0.1946130 secs] [Times: user=0.01 sys=0.00, real=0.20 secs] 
1863522.735: [GC [PSYoungGen: 130944K->0K(131008K)] 144676K->13732K(262080K), 0.1749460 secs] [Times: user=0.00 sys=0.00, real=0.17 secs] 
1895335.213: [GC [PSYoungGen: 130944K->0K(131008K)] 144676K->13732K(262080K), 0.1581180 secs] [Times: user=0.00 sys=0.00, real=0.16 secs] 
1927147.584: [GC [PSYoungGen: 130944K->0K(131008K)] 144676K->13732K(262080K), 0.1040210 secs] [Times: user=0.01 sys=0.00, real=0.10 secs] 
1958960.291: [GC [PSYoungGen: 130944K->0K(131008K)] 144676K->13732K(262080K), 0.0472530 secs] [Times: user=0.00 sys=0.00, real=0.05 secs] 
1990772.738: [GC [PSYoungGen: 130944K->0K(131008K)] 144676K->13732K(262080K), 0.1708310 secs] [Times: user=0.00 sys=0.00, real=0.17 secs] 
2022585.773: [GC [PSYoungGen: 130944K->0K(131008K)] 144676K->13732K(262080K), 0.1479880 secs] [Times: user=0.00 sys=0.00, real=0.15 secs] 
2054398.708: [GC [PSYoungGen: 130944K->0K(131008K)] 144676K->13732K(262080K), 0.2351230 secs] [Times: user=0.01 sys=0.00, real=0.24 secs] 
2086212.633: [GC [PSYoungGen: 130944K->0K(131008K)] 144676K->13732K(262080K), 0.1465230 secs]